
hpeesofsim (*) 650.shp Jul 29 2026, MINT version 5
    (64-bit windows built: Wed Jul 29, 2026 11:10:28 +0000)

***** Simulation started at Fri Sep 18 19:31:58 2026
      Running on host: "roohslappiee"
      In Directory: "C:\Users\rajpr\LNA_wrk\output_NMOS_RF_SP_08_15"
      Process ID: 32356

Parsing the netlist ...
Flattening the netlist ...

Warning detected by hpeesofsim in topology check during circuit set up.
    Number of nodes with only one device attached (topology corrected): 2
    Number of nodes with no DC path to ground (topology corrected): 3


SP SP1[1] <circgq1kf6w_.ckt>   freq=(1 GHz->100 GHz)

Checking for unresolved variables ...
Flushing data (please wait) ...
     ... data flush done.

Resource usage:
    Total CPU time            =     0.77 seconds.
    Simulation stopwatch time =     0.36 seconds.
    Total stopwatch time      =     0.95 seconds.

    Memory used:  120 MBytes

    Max threads used:  11
        (NOTE: max threads includes very-low-CPU-usage support threads,
         as well as high-CPU-usage computational threads.)


***** Simulation finished at Fri Sep 18 19:31:58 2026

