hpeesofsim terminated due to an error.
INT version 5
    (64-bit windows built: Wed Jul 29, 2026 11:10:28 +0000)

***** Simulation started at Fri Sep 18 19:39:38 2026
      Running on host: "roohslappiee"
      In Directory: "C:\Users\rajpr\LNA_wrk\output_LNA24_PRELIM_DC_final"
      Process ID: 26428

Parsing the netlist ...
Flattening the netlist ...

Warning detected by hpeesofsim in LinearCollapse '_2_' during analysis.
    LinearCollapse is disabled because there is 'DC' analysis present.


DC DC1[1] <circ1_0zs3f6.ckt>   VBIAS_SWEEP=800e-03
.

Error detected by hpeesofsim during SP analysis `SP1'.
    Port termination required for SP analysis.


-------------------------------------------------------------------------------
Simulation finished with errors.
-------------------------------------------------------------------------------
Flushing data (please wait) ...
     ... data flush done.

Resource usage:
    Total CPU time            =     0.70 seconds.
    Simulation stopwatch time =     0.29 seconds.
    Total stopwatch time      =     0.82 seconds.

    Memory used:  120 MBytes

    Max threads used:  11
        (NOTE: max threads includes very-low-CPU-usage support threads,
         as well as high-CPU-usage computational threads.)


***** Simulation finished at Fri Sep 18 19:39:39 2026

